2016-06-15 18:14:45
Full thread dump Java HotSpot(TM) 64-Bit Server VM (24.65-b04 mixed mode):

"Attach Listener" daemon prio=10 tid=0x00007fdad4001000 nid=0x4b62 waiting on condition [0x0000000000000000]
   java.lang.Thread.State: RUNNABLE

"pool-1-thread-8" prio=10 tid=0x00007fdb0c0c2800 nid=0x4b3c waiting for monitor entry [0x00007fdb05507000]
   java.lang.Thread.State: BLOCKED (on object monitor)
	at org.example.MySingletonResource.doWork(MySingletonResource.java:15)
	- waiting to lock <0x0000000709802518> (a org.example.MySingletonResource)
	at org.example.MyService.doWork(MyService.java:7)
	at org.example.Main$1.run(Main.java:18)
	at java.util.concurrent.ThreadPoolExecutor.runWorker(ThreadPoolExecutor.java:1145)
	at java.util.concurrent.ThreadPoolExecutor$Worker.run(ThreadPoolExecutor.java:615)
	at java.lang.Thread.run(Thread.java:745)

"pool-1-thread-7" prio=10 tid=0x00007fdb0c0c0000 nid=0x4b3b runnable [0x00007fdb05608000]
   java.lang.Thread.State: RUNNABLE
	at org.example.MySingletonResource.doWork(MySingletonResource.java:20)
	- locked <0x0000000709802518> (a org.example.MySingletonResource)
	at org.example.MyService.doWork(MyService.java:7)
	at org.example.Main$1.run(Main.java:18)
	at java.util.concurrent.ThreadPoolExecutor.runWorker(ThreadPoolExecutor.java:1145)
	at java.util.concurrent.ThreadPoolExecutor$Worker.run(ThreadPoolExecutor.java:615)
	at java.lang.Thread.run(Thread.java:745)

"pool-1-thread-5" prio=10 tid=0x00007fdb0c0bc000 nid=0x4b39 waiting for monitor entry [0x00007fdb0580a000]
   java.lang.Thread.State: BLOCKED (on object monitor)
	at org.example.MySingletonResource.doWork(MySingletonResource.java:15)
	- waiting to lock <0x0000000709802518> (a org.example.MySingletonResource)
	at org.example.MyService.doWork(MyService.java:7)
	at org.example.Main$1.run(Main.java:18)
	at java.util.concurrent.ThreadPoolExecutor.runWorker(ThreadPoolExecutor.java:1145)
	at java.util.concurrent.ThreadPoolExecutor$Worker.run(ThreadPoolExecutor.java:615)
	at java.lang.Thread.run(Thread.java:745)

"pool-1-thread-3" prio=10 tid=0x00007fdb0c0b7800 nid=0x4b37 waiting for monitor entry [0x00007fdb05a0c000]
   java.lang.Thread.State: BLOCKED (on object monitor)
	at org.example.MySingletonResource.doWork(MySingletonResource.java:15)
	- waiting to lock <0x0000000709802518> (a org.example.MySingletonResource)
	at org.example.MyService.doWork(MyService.java:7)
	at org.example.Main$1.run(Main.java:18)
	at java.util.concurrent.ThreadPoolExecutor.runWorker(ThreadPoolExecutor.java:1145)
	at java.util.concurrent.ThreadPoolExecutor$Worker.run(ThreadPoolExecutor.java:615)
	at java.lang.Thread.run(Thread.java:745)

"pool-1-thread-2" prio=10 tid=0x00007fdb0c0b5800 nid=0x4b36 waiting for monitor entry [0x00007fdb05b0d000]
   java.lang.Thread.State: BLOCKED (on object monitor)
	at org.example.MySingletonResource.doWork(MySingletonResource.java:15)
	- waiting to lock <0x0000000709802518> (a org.example.MySingletonResource)
	at org.example.MyService.doWork(MyService.java:7)
	at org.example.Main$1.run(Main.java:18)
	at java.util.concurrent.ThreadPoolExecutor.runWorker(ThreadPoolExecutor.java:1145)
	at java.util.concurrent.ThreadPoolExecutor$Worker.run(ThreadPoolExecutor.java:615)
	at java.lang.Thread.run(Thread.java:745)

"pool-1-thread-1" prio=10 tid=0x00007fdb0c0b3800 nid=0x4b35 waiting for monitor entry [0x00007fdb05c0e000]
   java.lang.Thread.State: BLOCKED (on object monitor)
	at org.example.MySingletonResource.doWork(MySingletonResource.java:15)
	- waiting to lock <0x0000000709802518> (a org.example.MySingletonResource)
	at org.example.MyService.doWork(MyService.java:7)
	at org.example.Main$1.run(Main.java:18)
	at java.util.concurrent.ThreadPoolExecutor.runWorker(ThreadPoolExecutor.java:1145)
	at java.util.concurrent.ThreadPoolExecutor$Worker.run(ThreadPoolExecutor.java:615)
	at java.lang.Thread.run(Thread.java:745)

"Service Thread" daemon prio=10 tid=0x00007fdb0c095800 nid=0x4b33 runnable [0x0000000000000000]
   java.lang.Thread.State: RUNNABLE

"C2 CompilerThread1" daemon prio=10 tid=0x00007fdb0c093000 nid=0x4b32 waiting on condition [0x0000000000000000]
   java.lang.Thread.State: RUNNABLE

"C2 CompilerThread0" daemon prio=10 tid=0x00007fdb0c090000 nid=0x4b31 waiting on condition [0x0000000000000000]
   java.lang.Thread.State: RUNNABLE

"Signal Dispatcher" daemon prio=10 tid=0x00007fdb0c08e800 nid=0x4b30 runnable [0x0000000000000000]
   java.lang.Thread.State: RUNNABLE

"Finalizer" daemon prio=10 tid=0x00007fdb0c06f000 nid=0x4b2f in Object.wait() [0x00007fdb06214000]
   java.lang.Thread.State: WAITING (on object monitor)
	at java.lang.Object.wait(Native Method)
	- waiting on <0x0000000709806a28> (a java.lang.ref.ReferenceQueue$Lock)
	at java.lang.ref.ReferenceQueue.remove(ReferenceQueue.java:135)
	- locked <0x0000000709806a28> (a java.lang.ref.ReferenceQueue$Lock)
	at java.lang.ref.ReferenceQueue.remove(ReferenceQueue.java:151)
	at java.lang.ref.Finalizer$FinalizerThread.run(Finalizer.java:209)

"Reference Handler" daemon prio=10 tid=0x00007fdb0c06d000 nid=0x4b2e in Object.wait() [0x00007fdb06315000]
   java.lang.Thread.State: WAITING (on object monitor)
	at java.lang.Object.wait(Native Method)
	- waiting on <0x0000000709806710> (a java.lang.ref.Reference$Lock)
	at java.lang.Object.wait(Object.java:503)
	at java.lang.ref.Reference$ReferenceHandler.run(Reference.java:133)
	- locked <0x0000000709806710> (a java.lang.ref.Reference$Lock)

"main" prio=10 tid=0x00007fdb0c008800 nid=0x4b28 waiting on condition [0x00007fdb12817000]
   java.lang.Thread.State: TIMED_WAITING (parking)
	at sun.misc.Unsafe.park(Native Method)
	- parking to wait for  <0x00000007098048f0> (a java.util.concurrent.locks.AbstractQueuedSynchronizer$ConditionObject)
	at java.util.concurrent.locks.LockSupport.parkNanos(LockSupport.java:226)
	at java.util.concurrent.locks.AbstractQueuedSynchronizer$ConditionObject.awaitNanos(AbstractQueuedSynchronizer.java:2082)
	at java.util.concurrent.ThreadPoolExecutor.awaitTermination(ThreadPoolExecutor.java:1468)
	at org.example.Main.main(Main.java:26)

"VM Thread" prio=10 tid=0x00007fdb0c068800 nid=0x4b2d runnable 

"GC task thread#0 (ParallelGC)" prio=10 tid=0x00007fdb0c01e000 nid=0x4b29 runnable 

"GC task thread#1 (ParallelGC)" prio=10 tid=0x00007fdb0c020000 nid=0x4b2a runnable 

"GC task thread#2 (ParallelGC)" prio=10 tid=0x00007fdb0c022000 nid=0x4b2b runnable 

"GC task thread#3 (ParallelGC)" prio=10 tid=0x00007fdb0c024000 nid=0x4b2c runnable 

"VM Periodic Task Thread" prio=10 tid=0x00007fdb0c0a0800 nid=0x4b34 waiting on condition 

JNI global references: 122

2016-06-15 18:14:47
Full thread dump Java HotSpot(TM) 64-Bit Server VM (24.65-b04 mixed mode):

"Attach Listener" daemon prio=10 tid=0x00007fdad4001000 nid=0x4b62 waiting on condition [0x0000000000000000]
   java.lang.Thread.State: RUNNABLE

"pool-1-thread-8" prio=10 tid=0x00007fdb0c0c2800 nid=0x4b3c waiting for monitor entry [0x00007fdb05507000]
   java.lang.Thread.State: BLOCKED (on object monitor)
	at org.example.MySingletonResource.doWork(MySingletonResource.java:15)
	- waiting to lock <0x0000000709802518> (a org.example.MySingletonResource)
	at org.example.MyService.doWork(MyService.java:7)
	at org.example.Main$1.run(Main.java:18)
	at java.util.concurrent.ThreadPoolExecutor.runWorker(ThreadPoolExecutor.java:1145)
	at java.util.concurrent.ThreadPoolExecutor$Worker.run(ThreadPoolExecutor.java:615)
	at java.lang.Thread.run(Thread.java:745)

"pool-1-thread-5" prio=10 tid=0x00007fdb0c0bc000 nid=0x4b39 waiting for monitor entry [0x00007fdb0580a000]
   java.lang.Thread.State: BLOCKED (on object monitor)
	at org.example.MySingletonResource.doWork(MySingletonResource.java:15)
	- waiting to lock <0x0000000709802518> (a org.example.MySingletonResource)
	at org.example.MyService.doWork(MyService.java:7)
	at org.example.Main$1.run(Main.java:18)
	at java.util.concurrent.ThreadPoolExecutor.runWorker(ThreadPoolExecutor.java:1145)
	at java.util.concurrent.ThreadPoolExecutor$Worker.run(ThreadPoolExecutor.java:615)
	at java.lang.Thread.run(Thread.java:745)

"pool-1-thread-3" prio=10 tid=0x00007fdb0c0b7800 nid=0x4b37 waiting for monitor entry [0x00007fdb05a0c000]
   java.lang.Thread.State: BLOCKED (on object monitor)
	at org.example.MySingletonResource.doWork(MySingletonResource.java:15)
	- waiting to lock <0x0000000709802518> (a org.example.MySingletonResource)
	at org.example.MyService.doWork(MyService.java:7)
	at org.example.Main$1.run(Main.java:18)
	at java.util.concurrent.ThreadPoolExecutor.runWorker(ThreadPoolExecutor.java:1145)
	at java.util.concurrent.ThreadPoolExecutor$Worker.run(ThreadPoolExecutor.java:615)
	at java.lang.Thread.run(Thread.java:745)

"pool-1-thread-2" prio=10 tid=0x00007fdb0c0b5800 nid=0x4b36 runnable [0x00007fdb05b0d000]
   java.lang.Thread.State: RUNNABLE
	at org.example.MySingletonResource.doWork(MySingletonResource.java:20)
	- locked <0x0000000709802518> (a org.example.MySingletonResource)
	at org.example.MyService.doWork(MyService.java:7)
	at org.example.Main$1.run(Main.java:18)
	at java.util.concurrent.ThreadPoolExecutor.runWorker(ThreadPoolExecutor.java:1145)
	at java.util.concurrent.ThreadPoolExecutor$Worker.run(ThreadPoolExecutor.java:615)
	at java.lang.Thread.run(Thread.java:745)

"pool-1-thread-1" prio=10 tid=0x00007fdb0c0b3800 nid=0x4b35 waiting for monitor entry [0x00007fdb05c0e000]
   java.lang.Thread.State: BLOCKED (on object monitor)
	at org.example.MySingletonResource.doWork(MySingletonResource.java:15)
	- waiting to lock <0x0000000709802518> (a org.example.MySingletonResource)
	at org.example.MyService.doWork(MyService.java:7)
	at org.example.Main$1.run(Main.java:18)
	at java.util.concurrent.ThreadPoolExecutor.runWorker(ThreadPoolExecutor.java:1145)
	at java.util.concurrent.ThreadPoolExecutor$Worker.run(ThreadPoolExecutor.java:615)
	at java.lang.Thread.run(Thread.java:745)

"Service Thread" daemon prio=10 tid=0x00007fdb0c095800 nid=0x4b33 runnable [0x0000000000000000]
   java.lang.Thread.State: RUNNABLE

"C2 CompilerThread1" daemon prio=10 tid=0x00007fdb0c093000 nid=0x4b32 waiting on condition [0x0000000000000000]
   java.lang.Thread.State: RUNNABLE

"C2 CompilerThread0" daemon prio=10 tid=0x00007fdb0c090000 nid=0x4b31 waiting on condition [0x0000000000000000]
   java.lang.Thread.State: RUNNABLE

"Signal Dispatcher" daemon prio=10 tid=0x00007fdb0c08e800 nid=0x4b30 runnable [0x0000000000000000]
   java.lang.Thread.State: RUNNABLE

"Finalizer" daemon prio=10 tid=0x00007fdb0c06f000 nid=0x4b2f in Object.wait() [0x00007fdb06214000]
   java.lang.Thread.State: WAITING (on object monitor)
	at java.lang.Object.wait(Native Method)
	- waiting on <0x0000000709806a28> (a java.lang.ref.ReferenceQueue$Lock)
	at java.lang.ref.ReferenceQueue.remove(ReferenceQueue.java:135)
	- locked <0x0000000709806a28> (a java.lang.ref.ReferenceQueue$Lock)
	at java.lang.ref.ReferenceQueue.remove(ReferenceQueue.java:151)
	at java.lang.ref.Finalizer$FinalizerThread.run(Finalizer.java:209)

"Reference Handler" daemon prio=10 tid=0x00007fdb0c06d000 nid=0x4b2e in Object.wait() [0x00007fdb06315000]
   java.lang.Thread.State: WAITING (on object monitor)
	at java.lang.Object.wait(Native Method)
	- waiting on <0x0000000709806710> (a java.lang.ref.Reference$Lock)
	at java.lang.Object.wait(Object.java:503)
	at java.lang.ref.Reference$ReferenceHandler.run(Reference.java:133)
	- locked <0x0000000709806710> (a java.lang.ref.Reference$Lock)

"main" prio=10 tid=0x00007fdb0c008800 nid=0x4b28 waiting on condition [0x00007fdb12817000]
   java.lang.Thread.State: TIMED_WAITING (parking)
	at sun.misc.Unsafe.park(Native Method)
	- parking to wait for  <0x00000007098048f0> (a java.util.concurrent.locks.AbstractQueuedSynchronizer$ConditionObject)
	at java.util.concurrent.locks.LockSupport.parkNanos(LockSupport.java:226)
	at java.util.concurrent.locks.AbstractQueuedSynchronizer$ConditionObject.awaitNanos(AbstractQueuedSynchronizer.java:2082)
	at java.util.concurrent.ThreadPoolExecutor.awaitTermination(ThreadPoolExecutor.java:1468)
	at org.example.Main.main(Main.java:26)

"VM Thread" prio=10 tid=0x00007fdb0c068800 nid=0x4b2d runnable 

"GC task thread#0 (ParallelGC)" prio=10 tid=0x00007fdb0c01e000 nid=0x4b29 runnable 

"GC task thread#1 (ParallelGC)" prio=10 tid=0x00007fdb0c020000 nid=0x4b2a runnable 

"GC task thread#2 (ParallelGC)" prio=10 tid=0x00007fdb0c022000 nid=0x4b2b runnable 

"GC task thread#3 (ParallelGC)" prio=10 tid=0x00007fdb0c024000 nid=0x4b2c runnable 

"VM Periodic Task Thread" prio=10 tid=0x00007fdb0c0a0800 nid=0x4b34 waiting on condition 

JNI global references: 122

2016-06-15 18:14:49
Full thread dump Java HotSpot(TM) 64-Bit Server VM (24.65-b04 mixed mode):

"Attach Listener" daemon prio=10 tid=0x00007fdad4001000 nid=0x4b62 waiting on condition [0x0000000000000000]
   java.lang.Thread.State: RUNNABLE

"pool-1-thread-8" prio=10 tid=0x00007fdb0c0c2800 nid=0x4b3c waiting for monitor entry [0x00007fdb05507000]
   java.lang.Thread.State: BLOCKED (on object monitor)
	at org.example.MySingletonResource.doWork(MySingletonResource.java:15)
	- waiting to lock <0x0000000709802518> (a org.example.MySingletonResource)
	at org.example.MyService.doWork(MyService.java:7)
	at org.example.Main$1.run(Main.java:18)
	at java.util.concurrent.ThreadPoolExecutor.runWorker(ThreadPoolExecutor.java:1145)
	at java.util.concurrent.ThreadPoolExecutor$Worker.run(ThreadPoolExecutor.java:615)
	at java.lang.Thread.run(Thread.java:745)

"pool-1-thread-5" prio=10 tid=0x00007fdb0c0bc000 nid=0x4b39 waiting for monitor entry [0x00007fdb0580a000]
   java.lang.Thread.State: BLOCKED (on object monitor)
	at org.example.MySingletonResource.doWork(MySingletonResource.java:15)
	- waiting to lock <0x0000000709802518> (a org.example.MySingletonResource)
	at org.example.MyService.doWork(MyService.java:7)
	at org.example.Main$1.run(Main.java:18)
	at java.util.concurrent.ThreadPoolExecutor.runWorker(ThreadPoolExecutor.java:1145)
	at java.util.concurrent.ThreadPoolExecutor$Worker.run(ThreadPoolExecutor.java:615)
	at java.lang.Thread.run(Thread.java:745)

"pool-1-thread-3" prio=10 tid=0x00007fdb0c0b7800 nid=0x4b37 waiting for monitor entry [0x00007fdb05a0c000]
   java.lang.Thread.State: BLOCKED (on object monitor)
	at org.example.MySingletonResource.doWork(MySingletonResource.java:15)
	- waiting to lock <0x0000000709802518> (a org.example.MySingletonResource)
	at org.example.MyService.doWork(MyService.java:7)
	at org.example.Main$1.run(Main.java:18)
	at java.util.concurrent.ThreadPoolExecutor.runWorker(ThreadPoolExecutor.java:1145)
	at java.util.concurrent.ThreadPoolExecutor$Worker.run(ThreadPoolExecutor.java:615)
	at java.lang.Thread.run(Thread.java:745)

"pool-1-thread-2" prio=10 tid=0x00007fdb0c0b5800 nid=0x4b36 runnable [0x00007fdb05b0d000]
   java.lang.Thread.State: RUNNABLE
	at org.example.MySingletonResource.doWork(MySingletonResource.java:20)
	- locked <0x0000000709802518> (a org.example.MySingletonResource)
	at org.example.MyService.doWork(MyService.java:7)
	at org.example.Main$1.run(Main.java:18)
	at java.util.concurrent.ThreadPoolExecutor.runWorker(ThreadPoolExecutor.java:1145)
	at java.util.concurrent.ThreadPoolExecutor$Worker.run(ThreadPoolExecutor.java:615)
	at java.lang.Thread.run(Thread.java:745)

"pool-1-thread-1" prio=10 tid=0x00007fdb0c0b3800 nid=0x4b35 waiting for monitor entry [0x00007fdb05c0e000]
   java.lang.Thread.State: BLOCKED (on object monitor)
	at org.example.MySingletonResource.doWork(MySingletonResource.java:15)
	- waiting to lock <0x0000000709802518> (a org.example.MySingletonResource)
	at org.example.MyService.doWork(MyService.java:7)
	at org.example.Main$1.run(Main.java:18)
	at java.util.concurrent.ThreadPoolExecutor.runWorker(ThreadPoolExecutor.java:1145)
	at java.util.concurrent.ThreadPoolExecutor$Worker.run(ThreadPoolExecutor.java:615)
	at java.lang.Thread.run(Thread.java:745)

"Service Thread" daemon prio=10 tid=0x00007fdb0c095800 nid=0x4b33 runnable [0x0000000000000000]
   java.lang.Thread.State: RUNNABLE

"C2 CompilerThread1" daemon prio=10 tid=0x00007fdb0c093000 nid=0x4b32 waiting on condition [0x0000000000000000]
   java.lang.Thread.State: RUNNABLE

"C2 CompilerThread0" daemon prio=10 tid=0x00007fdb0c090000 nid=0x4b31 waiting on condition [0x0000000000000000]
   java.lang.Thread.State: RUNNABLE

"Signal Dispatcher" daemon prio=10 tid=0x00007fdb0c08e800 nid=0x4b30 runnable [0x0000000000000000]
   java.lang.Thread.State: RUNNABLE

"Finalizer" daemon prio=10 tid=0x00007fdb0c06f000 nid=0x4b2f in Object.wait() [0x00007fdb06214000]
   java.lang.Thread.State: WAITING (on object monitor)
	at java.lang.Object.wait(Native Method)
	- waiting on <0x0000000709806a28> (a java.lang.ref.ReferenceQueue$Lock)
	at java.lang.ref.ReferenceQueue.remove(ReferenceQueue.java:135)
	- locked <0x0000000709806a28> (a java.lang.ref.ReferenceQueue$Lock)
	at java.lang.ref.ReferenceQueue.remove(ReferenceQueue.java:151)
	at java.lang.ref.Finalizer$FinalizerThread.run(Finalizer.java:209)

"Reference Handler" daemon prio=10 tid=0x00007fdb0c06d000 nid=0x4b2e in Object.wait() [0x00007fdb06315000]
   java.lang.Thread.State: WAITING (on object monitor)
	at java.lang.Object.wait(Native Method)
	- waiting on <0x0000000709806710> (a java.lang.ref.Reference$Lock)
	at java.lang.Object.wait(Object.java:503)
	at java.lang.ref.Reference$ReferenceHandler.run(Reference.java:133)
	- locked <0x0000000709806710> (a java.lang.ref.Reference$Lock)

"main" prio=10 tid=0x00007fdb0c008800 nid=0x4b28 waiting on condition [0x00007fdb12817000]
   java.lang.Thread.State: TIMED_WAITING (parking)
	at sun.misc.Unsafe.park(Native Method)
	- parking to wait for  <0x00000007098048f0> (a java.util.concurrent.locks.AbstractQueuedSynchronizer$ConditionObject)
	at java.util.concurrent.locks.LockSupport.parkNanos(LockSupport.java:226)
	at java.util.concurrent.locks.AbstractQueuedSynchronizer$ConditionObject.awaitNanos(AbstractQueuedSynchronizer.java:2082)
	at java.util.concurrent.ThreadPoolExecutor.awaitTermination(ThreadPoolExecutor.java:1468)
	at org.example.Main.main(Main.java:26)

"VM Thread" prio=10 tid=0x00007fdb0c068800 nid=0x4b2d runnable 

"GC task thread#0 (ParallelGC)" prio=10 tid=0x00007fdb0c01e000 nid=0x4b29 runnable 

"GC task thread#1 (ParallelGC)" prio=10 tid=0x00007fdb0c020000 nid=0x4b2a runnable 

"GC task thread#2 (ParallelGC)" prio=10 tid=0x00007fdb0c022000 nid=0x4b2b runnable 

"GC task thread#3 (ParallelGC)" prio=10 tid=0x00007fdb0c024000 nid=0x4b2c runnable 

"VM Periodic Task Thread" prio=10 tid=0x00007fdb0c0a0800 nid=0x4b34 waiting on condition 

JNI global references: 122

2016-06-15 18:14:51
Full thread dump Java HotSpot(TM) 64-Bit Server VM (24.65-b04 mixed mode):

"Attach Listener" daemon prio=10 tid=0x00007fdad4001000 nid=0x4b62 waiting on condition [0x0000000000000000]
   java.lang.Thread.State: RUNNABLE

"pool-1-thread-8" prio=10 tid=0x00007fdb0c0c2800 nid=0x4b3c runnable [0x00007fdb05507000]
   java.lang.Thread.State: RUNNABLE
	at org.example.MySingletonResource.doWork(MySingletonResource.java:20)
	- locked <0x0000000709802518> (a org.example.MySingletonResource)
	at org.example.MyService.doWork(MyService.java:7)
	at org.example.Main$1.run(Main.java:18)
	at java.util.concurrent.ThreadPoolExecutor.runWorker(ThreadPoolExecutor.java:1145)
	at java.util.concurrent.ThreadPoolExecutor$Worker.run(ThreadPoolExecutor.java:615)
	at java.lang.Thread.run(Thread.java:745)

"pool-1-thread-5" prio=10 tid=0x00007fdb0c0bc000 nid=0x4b39 waiting for monitor entry [0x00007fdb0580a000]
   java.lang.Thread.State: BLOCKED (on object monitor)
	at org.example.MySingletonResource.doWork(MySingletonResource.java:15)
	- waiting to lock <0x0000000709802518> (a org.example.MySingletonResource)
	at org.example.MyService.doWork(MyService.java:7)
	at org.example.Main$1.run(Main.java:18)
	at java.util.concurrent.ThreadPoolExecutor.runWorker(ThreadPoolExecutor.java:1145)
	at java.util.concurrent.ThreadPoolExecutor$Worker.run(ThreadPoolExecutor.java:615)
	at java.lang.Thread.run(Thread.java:745)

"pool-1-thread-3" prio=10 tid=0x00007fdb0c0b7800 nid=0x4b37 waiting for monitor entry [0x00007fdb05a0c000]
   java.lang.Thread.State: BLOCKED (on object monitor)
	at org.example.MySingletonResource.doWork(MySingletonResource.java:15)
	- waiting to lock <0x0000000709802518> (a org.example.MySingletonResource)
	at org.example.MyService.doWork(MyService.java:7)
	at org.example.Main$1.run(Main.java:18)
	at java.util.concurrent.ThreadPoolExecutor.runWorker(ThreadPoolExecutor.java:1145)
	at java.util.concurrent.ThreadPoolExecutor$Worker.run(ThreadPoolExecutor.java:615)
	at java.lang.Thread.run(Thread.java:745)

"pool-1-thread-1" prio=10 tid=0x00007fdb0c0b3800 nid=0x4b35 waiting for monitor entry [0x00007fdb05c0e000]
   java.lang.Thread.State: BLOCKED (on object monitor)
	at org.example.MySingletonResource.doWork(MySingletonResource.java:15)
	- waiting to lock <0x0000000709802518> (a org.example.MySingletonResource)
	at org.example.MyService.doWork(MyService.java:7)
	at org.example.Main$1.run(Main.java:18)
	at java.util.concurrent.ThreadPoolExecutor.runWorker(ThreadPoolExecutor.java:1145)
	at java.util.concurrent.ThreadPoolExecutor$Worker.run(ThreadPoolExecutor.java:615)
	at java.lang.Thread.run(Thread.java:745)

"Service Thread" daemon prio=10 tid=0x00007fdb0c095800 nid=0x4b33 runnable [0x0000000000000000]
   java.lang.Thread.State: RUNNABLE

"C2 CompilerThread1" daemon prio=10 tid=0x00007fdb0c093000 nid=0x4b32 waiting on condition [0x0000000000000000]
   java.lang.Thread.State: RUNNABLE

"C2 CompilerThread0" daemon prio=10 tid=0x00007fdb0c090000 nid=0x4b31 waiting on condition [0x0000000000000000]
   java.lang.Thread.State: RUNNABLE

"Signal Dispatcher" daemon prio=10 tid=0x00007fdb0c08e800 nid=0x4b30 runnable [0x0000000000000000]
   java.lang.Thread.State: RUNNABLE

"Finalizer" daemon prio=10 tid=0x00007fdb0c06f000 nid=0x4b2f in Object.wait() [0x00007fdb06214000]
   java.lang.Thread.State: WAITING (on object monitor)
	at java.lang.Object.wait(Native Method)
	- waiting on <0x0000000709806a28> (a java.lang.ref.ReferenceQueue$Lock)
	at java.lang.ref.ReferenceQueue.remove(ReferenceQueue.java:135)
	- locked <0x0000000709806a28> (a java.lang.ref.ReferenceQueue$Lock)
	at java.lang.ref.ReferenceQueue.remove(ReferenceQueue.java:151)
	at java.lang.ref.Finalizer$FinalizerThread.run(Finalizer.java:209)

"Reference Handler" daemon prio=10 tid=0x00007fdb0c06d000 nid=0x4b2e in Object.wait() [0x00007fdb06315000]
   java.lang.Thread.State: WAITING (on object monitor)
	at java.lang.Object.wait(Native Method)
	- waiting on <0x0000000709806710> (a java.lang.ref.Reference$Lock)
	at java.lang.Object.wait(Object.java:503)
	at java.lang.ref.Reference$ReferenceHandler.run(Reference.java:133)
	- locked <0x0000000709806710> (a java.lang.ref.Reference$Lock)

"main" prio=10 tid=0x00007fdb0c008800 nid=0x4b28 waiting on condition [0x00007fdb12817000]
   java.lang.Thread.State: TIMED_WAITING (parking)
	at sun.misc.Unsafe.park(Native Method)
	- parking to wait for  <0x00000007098048f0> (a java.util.concurrent.locks.AbstractQueuedSynchronizer$ConditionObject)
	at java.util.concurrent.locks.LockSupport.parkNanos(LockSupport.java:226)
	at java.util.concurrent.locks.AbstractQueuedSynchronizer$ConditionObject.awaitNanos(AbstractQueuedSynchronizer.java:2082)
	at java.util.concurrent.ThreadPoolExecutor.awaitTermination(ThreadPoolExecutor.java:1468)
	at org.example.Main.main(Main.java:26)

"VM Thread" prio=10 tid=0x00007fdb0c068800 nid=0x4b2d runnable 

"GC task thread#0 (ParallelGC)" prio=10 tid=0x00007fdb0c01e000 nid=0x4b29 runnable 

"GC task thread#1 (ParallelGC)" prio=10 tid=0x00007fdb0c020000 nid=0x4b2a runnable 

"GC task thread#2 (ParallelGC)" prio=10 tid=0x00007fdb0c022000 nid=0x4b2b runnable 

"GC task thread#3 (ParallelGC)" prio=10 tid=0x00007fdb0c024000 nid=0x4b2c runnable 

"VM Periodic Task Thread" prio=10 tid=0x00007fdb0c0a0800 nid=0x4b34 waiting on condition 

JNI global references: 122

2016-06-15 18:14:53
Full thread dump Java HotSpot(TM) 64-Bit Server VM (24.65-b04 mixed mode):

"Attach Listener" daemon prio=10 tid=0x00007fdad4001000 nid=0x4b62 waiting on condition [0x0000000000000000]
   java.lang.Thread.State: RUNNABLE

"pool-1-thread-5" prio=10 tid=0x00007fdb0c0bc000 nid=0x4b39 waiting for monitor entry [0x00007fdb0580a000]
   java.lang.Thread.State: BLOCKED (on object monitor)
	at org.example.MySingletonResource.doWork(MySingletonResource.java:15)
	- waiting to lock <0x0000000709802518> (a org.example.MySingletonResource)
	at org.example.MyService.doWork(MyService.java:7)
	at org.example.Main$1.run(Main.java:18)
	at java.util.concurrent.ThreadPoolExecutor.runWorker(ThreadPoolExecutor.java:1145)
	at java.util.concurrent.ThreadPoolExecutor$Worker.run(ThreadPoolExecutor.java:615)
	at java.lang.Thread.run(Thread.java:745)

"pool-1-thread-3" prio=10 tid=0x00007fdb0c0b7800 nid=0x4b37 runnable [0x00007fdb05a0c000]
   java.lang.Thread.State: RUNNABLE
	at org.example.MySingletonResource.doWork(MySingletonResource.java:20)
	- locked <0x0000000709802518> (a org.example.MySingletonResource)
	at org.example.MyService.doWork(MyService.java:7)
	at org.example.Main$1.run(Main.java:18)
	at java.util.concurrent.ThreadPoolExecutor.runWorker(ThreadPoolExecutor.java:1145)
	at java.util.concurrent.ThreadPoolExecutor$Worker.run(ThreadPoolExecutor.java:615)
	at java.lang.Thread.run(Thread.java:745)

"pool-1-thread-1" prio=10 tid=0x00007fdb0c0b3800 nid=0x4b35 waiting for monitor entry [0x00007fdb05c0e000]
   java.lang.Thread.State: BLOCKED (on object monitor)
	at org.example.MySingletonResource.doWork(MySingletonResource.java:15)
	- waiting to lock <0x0000000709802518> (a org.example.MySingletonResource)
	at org.example.MyService.doWork(MyService.java:7)
	at org.example.Main$1.run(Main.java:18)
	at java.util.concurrent.ThreadPoolExecutor.runWorker(ThreadPoolExecutor.java:1145)
	at java.util.concurrent.ThreadPoolExecutor$Worker.run(ThreadPoolExecutor.java:615)
	at java.lang.Thread.run(Thread.java:745)

"Service Thread" daemon prio=10 tid=0x00007fdb0c095800 nid=0x4b33 runnable [0x0000000000000000]
   java.lang.Thread.State: RUNNABLE

"C2 CompilerThread1" daemon prio=10 tid=0x00007fdb0c093000 nid=0x4b32 waiting on condition [0x0000000000000000]
   java.lang.Thread.State: RUNNABLE

"C2 CompilerThread0" daemon prio=10 tid=0x00007fdb0c090000 nid=0x4b31 waiting on condition [0x0000000000000000]
   java.lang.Thread.State: RUNNABLE

"Signal Dispatcher" daemon prio=10 tid=0x00007fdb0c08e800 nid=0x4b30 runnable [0x0000000000000000]
   java.lang.Thread.State: RUNNABLE

"Finalizer" daemon prio=10 tid=0x00007fdb0c06f000 nid=0x4b2f in Object.wait() [0x00007fdb06214000]
   java.lang.Thread.State: WAITING (on object monitor)
	at java.lang.Object.wait(Native Method)
	- waiting on <0x0000000709806a28> (a java.lang.ref.ReferenceQueue$Lock)
	at java.lang.ref.ReferenceQueue.remove(ReferenceQueue.java:135)
	- locked <0x0000000709806a28> (a java.lang.ref.ReferenceQueue$Lock)
	at java.lang.ref.ReferenceQueue.remove(ReferenceQueue.java:151)
	at java.lang.ref.Finalizer$FinalizerThread.run(Finalizer.java:209)

"Reference Handler" daemon prio=10 tid=0x00007fdb0c06d000 nid=0x4b2e in Object.wait() [0x00007fdb06315000]
   java.lang.Thread.State: WAITING (on object monitor)
	at java.lang.Object.wait(Native Method)
	- waiting on <0x0000000709806710> (a java.lang.ref.Reference$Lock)
	at java.lang.Object.wait(Object.java:503)
	at java.lang.ref.Reference$ReferenceHandler.run(Reference.java:133)
	- locked <0x0000000709806710> (a java.lang.ref.Reference$Lock)

"main" prio=10 tid=0x00007fdb0c008800 nid=0x4b28 waiting on condition [0x00007fdb12817000]
   java.lang.Thread.State: TIMED_WAITING (parking)
	at sun.misc.Unsafe.park(Native Method)
	- parking to wait for  <0x00000007098048f0> (a java.util.concurrent.locks.AbstractQueuedSynchronizer$ConditionObject)
	at java.util.concurrent.locks.LockSupport.parkNanos(LockSupport.java:226)
	at java.util.concurrent.locks.AbstractQueuedSynchronizer$ConditionObject.awaitNanos(AbstractQueuedSynchronizer.java:2082)
	at java.util.concurrent.ThreadPoolExecutor.awaitTermination(ThreadPoolExecutor.java:1468)
	at org.example.Main.main(Main.java:26)

"VM Thread" prio=10 tid=0x00007fdb0c068800 nid=0x4b2d runnable 

"GC task thread#0 (ParallelGC)" prio=10 tid=0x00007fdb0c01e000 nid=0x4b29 runnable 

"GC task thread#1 (ParallelGC)" prio=10 tid=0x00007fdb0c020000 nid=0x4b2a runnable 

"GC task thread#2 (ParallelGC)" prio=10 tid=0x00007fdb0c022000 nid=0x4b2b runnable 

"GC task thread#3 (ParallelGC)" prio=10 tid=0x00007fdb0c024000 nid=0x4b2c runnable 

"VM Periodic Task Thread" prio=10 tid=0x00007fdb0c0a0800 nid=0x4b34 waiting on condition 

JNI global references: 122

2016-06-15 18:14:56
Full thread dump Java HotSpot(TM) 64-Bit Server VM (24.65-b04 mixed mode):

"Attach Listener" daemon prio=10 tid=0x00007fdad4001000 nid=0x4b62 waiting on condition [0x0000000000000000]
   java.lang.Thread.State: RUNNABLE

"pool-1-thread-5" prio=10 tid=0x00007fdb0c0bc000 nid=0x4b39 waiting for monitor entry [0x00007fdb0580a000]
   java.lang.Thread.State: BLOCKED (on object monitor)
	at org.example.MySingletonResource.doWork(MySingletonResource.java:15)
	- waiting to lock <0x0000000709802518> (a org.example.MySingletonResource)
	at org.example.MyService.doWork(MyService.java:7)
	at org.example.Main$1.run(Main.java:18)
	at java.util.concurrent.ThreadPoolExecutor.runWorker(ThreadPoolExecutor.java:1145)
	at java.util.concurrent.ThreadPoolExecutor$Worker.run(ThreadPoolExecutor.java:615)
	at java.lang.Thread.run(Thread.java:745)

"pool-1-thread-1" prio=10 tid=0x00007fdb0c0b3800 nid=0x4b35 runnable [0x00007fdb05c0e000]
   java.lang.Thread.State: RUNNABLE
	at org.example.MySingletonResource.doWork(MySingletonResource.java:20)
	- locked <0x0000000709802518> (a org.example.MySingletonResource)
	at org.example.MyService.doWork(MyService.java:7)
	at org.example.Main$1.run(Main.java:18)
	at java.util.concurrent.ThreadPoolExecutor.runWorker(ThreadPoolExecutor.java:1145)
	at java.util.concurrent.ThreadPoolExecutor$Worker.run(ThreadPoolExecutor.java:615)
	at java.lang.Thread.run(Thread.java:745)

"Service Thread" daemon prio=10 tid=0x00007fdb0c095800 nid=0x4b33 runnable [0x0000000000000000]
   java.lang.Thread.State: RUNNABLE

"C2 CompilerThread1" daemon prio=10 tid=0x00007fdb0c093000 nid=0x4b32 waiting on condition [0x0000000000000000]
   java.lang.Thread.State: RUNNABLE

"C2 CompilerThread0" daemon prio=10 tid=0x00007fdb0c090000 nid=0x4b31 waiting on condition [0x0000000000000000]
   java.lang.Thread.State: RUNNABLE

"Signal Dispatcher" daemon prio=10 tid=0x00007fdb0c08e800 nid=0x4b30 runnable [0x0000000000000000]
   java.lang.Thread.State: RUNNABLE

"Finalizer" daemon prio=10 tid=0x00007fdb0c06f000 nid=0x4b2f in Object.wait() [0x00007fdb06214000]
   java.lang.Thread.State: WAITING (on object monitor)
	at java.lang.Object.wait(Native Method)
	- waiting on <0x0000000709806a28> (a java.lang.ref.ReferenceQueue$Lock)
	at java.lang.ref.ReferenceQueue.remove(ReferenceQueue.java:135)
	- locked <0x0000000709806a28> (a java.lang.ref.ReferenceQueue$Lock)
	at java.lang.ref.ReferenceQueue.remove(ReferenceQueue.java:151)
	at java.lang.ref.Finalizer$FinalizerThread.run(Finalizer.java:209)

"Reference Handler" daemon prio=10 tid=0x00007fdb0c06d000 nid=0x4b2e in Object.wait() [0x00007fdb06315000]
   java.lang.Thread.State: WAITING (on object monitor)
	at java.lang.Object.wait(Native Method)
	- waiting on <0x0000000709806710> (a java.lang.ref.Reference$Lock)
	at java.lang.Object.wait(Object.java:503)
	at java.lang.ref.Reference$ReferenceHandler.run(Reference.java:133)
	- locked <0x0000000709806710> (a java.lang.ref.Reference$Lock)

"main" prio=10 tid=0x00007fdb0c008800 nid=0x4b28 waiting on condition [0x00007fdb12817000]
   java.lang.Thread.State: TIMED_WAITING (parking)
	at sun.misc.Unsafe.park(Native Method)
	- parking to wait for  <0x00000007098048f0> (a java.util.concurrent.locks.AbstractQueuedSynchronizer$ConditionObject)
	at java.util.concurrent.locks.LockSupport.parkNanos(LockSupport.java:226)
	at java.util.concurrent.locks.AbstractQueuedSynchronizer$ConditionObject.awaitNanos(AbstractQueuedSynchronizer.java:2082)
	at java.util.concurrent.ThreadPoolExecutor.awaitTermination(ThreadPoolExecutor.java:1468)
	at org.example.Main.main(Main.java:26)

"VM Thread" prio=10 tid=0x00007fdb0c068800 nid=0x4b2d runnable 

"GC task thread#0 (ParallelGC)" prio=10 tid=0x00007fdb0c01e000 nid=0x4b29 runnable 

"GC task thread#1 (ParallelGC)" prio=10 tid=0x00007fdb0c020000 nid=0x4b2a runnable 

"GC task thread#2 (ParallelGC)" prio=10 tid=0x00007fdb0c022000 nid=0x4b2b runnable 

"GC task thread#3 (ParallelGC)" prio=10 tid=0x00007fdb0c024000 nid=0x4b2c runnable 

"VM Periodic Task Thread" prio=10 tid=0x00007fdb0c0a0800 nid=0x4b34 waiting on condition 

JNI global references: 122

2016-06-15 18:14:59
Full thread dump Java HotSpot(TM) 64-Bit Server VM (24.65-b04 mixed mode):

"Attach Listener" daemon prio=10 tid=0x00007fdad4001000 nid=0x4b62 waiting on condition [0x0000000000000000]
   java.lang.Thread.State: RUNNABLE

"pool-1-thread-5" prio=10 tid=0x00007fdb0c0bc000 nid=0x4b39 runnable [0x00007fdb0580a000]
   java.lang.Thread.State: RUNNABLE
	at org.example.MySingletonResource.doWork(MySingletonResource.java:20)
	- locked <0x0000000709802518> (a org.example.MySingletonResource)
	at org.example.MyService.doWork(MyService.java:7)
	at org.example.Main$1.run(Main.java:18)
	at java.util.concurrent.ThreadPoolExecutor.runWorker(ThreadPoolExecutor.java:1145)
	at java.util.concurrent.ThreadPoolExecutor$Worker.run(ThreadPoolExecutor.java:615)
	at java.lang.Thread.run(Thread.java:745)

"Service Thread" daemon prio=10 tid=0x00007fdb0c095800 nid=0x4b33 runnable [0x0000000000000000]
   java.lang.Thread.State: RUNNABLE

"C2 CompilerThread1" daemon prio=10 tid=0x00007fdb0c093000 nid=0x4b32 waiting on condition [0x0000000000000000]
   java.lang.Thread.State: RUNNABLE

"C2 CompilerThread0" daemon prio=10 tid=0x00007fdb0c090000 nid=0x4b31 waiting on condition [0x0000000000000000]
   java.lang.Thread.State: RUNNABLE

"Signal Dispatcher" daemon prio=10 tid=0x00007fdb0c08e800 nid=0x4b30 runnable [0x0000000000000000]
   java.lang.Thread.State: RUNNABLE

"Finalizer" daemon prio=10 tid=0x00007fdb0c06f000 nid=0x4b2f in Object.wait() [0x00007fdb06214000]
   java.lang.Thread.State: WAITING (on object monitor)
	at java.lang.Object.wait(Native Method)
	- waiting on <0x0000000709806a28> (a java.lang.ref.ReferenceQueue$Lock)
	at java.lang.ref.ReferenceQueue.remove(ReferenceQueue.java:135)
	- locked <0x0000000709806a28> (a java.lang.ref.ReferenceQueue$Lock)
	at java.lang.ref.ReferenceQueue.remove(ReferenceQueue.java:151)
	at java.lang.ref.Finalizer$FinalizerThread.run(Finalizer.java:209)

"Reference Handler" daemon prio=10 tid=0x00007fdb0c06d000 nid=0x4b2e in Object.wait() [0x00007fdb06315000]
   java.lang.Thread.State: WAITING (on object monitor)
	at java.lang.Object.wait(Native Method)
	- waiting on <0x0000000709806710> (a java.lang.ref.Reference$Lock)
	at java.lang.Object.wait(Object.java:503)
	at java.lang.ref.Reference$ReferenceHandler.run(Reference.java:133)
	- locked <0x0000000709806710> (a java.lang.ref.Reference$Lock)

"main" prio=10 tid=0x00007fdb0c008800 nid=0x4b28 waiting on condition [0x00007fdb12817000]
   java.lang.Thread.State: TIMED_WAITING (parking)
	at sun.misc.Unsafe.park(Native Method)
	- parking to wait for  <0x00000007098048f0> (a java.util.concurrent.locks.AbstractQueuedSynchronizer$ConditionObject)
	at java.util.concurrent.locks.LockSupport.parkNanos(LockSupport.java:226)
	at java.util.concurrent.locks.AbstractQueuedSynchronizer$ConditionObject.awaitNanos(AbstractQueuedSynchronizer.java:2082)
	at java.util.concurrent.ThreadPoolExecutor.awaitTermination(ThreadPoolExecutor.java:1468)
	at org.example.Main.main(Main.java:26)

"VM Thread" prio=10 tid=0x00007fdb0c068800 nid=0x4b2d runnable 

"GC task thread#0 (ParallelGC)" prio=10 tid=0x00007fdb0c01e000 nid=0x4b29 runnable 

"GC task thread#1 (ParallelGC)" prio=10 tid=0x00007fdb0c020000 nid=0x4b2a runnable 

"GC task thread#2 (ParallelGC)" prio=10 tid=0x00007fdb0c022000 nid=0x4b2b runnable 

"GC task thread#3 (ParallelGC)" prio=10 tid=0x00007fdb0c024000 nid=0x4b2c runnable 

"VM Periodic Task Thread" prio=10 tid=0x00007fdb0c0a0800 nid=0x4b34 waiting on condition 

JNI global references: 122

